// Vitest Snapshot v1, https://vitest.dev/guide/snapshot.html

exports[`App.vue > Renders properly 1`] = `
"<button class="toggle-btn">Toggle</button>
<div class="wrapper">
  <header>
    <div class="logo-container"><img class="hidden" src="/src/assets/images/logo-light.svg"><img class="" src="/src/assets/images/logo-dark.svg"></div>
    <div class="nav">
      <h1 class="ml-[2rem]">Title Here</h1>
      <div>item2</div>
    </div>
  </header>
  <div class="main">
    <div class="sidebar">sidebar</div>
    <div class="kanban">main content</div>
  </div>
</div>"
`;
