// Vitest Snapshot v1, https://vitest.dev/guide/snapshot.html

exports[`App.vue > Renders properly 1`] = `
"<button class="toggle-btn">Toggle</button>
<div class="wrapper">
  <header>
    <div class="logo-container"> Logo Here </div>
    <div class="nav">
      <h1>Title Here</h1>
      <div>item2</div>
    </div>
  </header>
  <div class="main">
    <div class="sidebar">sidebar</div>
    <div class="kanban">main content</div>
  </div>
</div>"
`;
